2026-08-17T03:17:31Z INF Thank you for trying Cloudflare Tunnel. Doing so, without a Cloudflare account, is a quick way to experiment and try it out. However, be aware that these account-less Tunnels have no uptime guarantee, are subject to the Cloudflare Online Services Terms of Use (https://www.cloudflare.com/website-terms/), and Cloudflare reserves the right to investigate your use of Tunnels for violations of such terms. If you intend to use Tunnels in production you should use a pre-created named tunnel by following: https://developers.cloudflare.com/cloudflare-one/connections/connect-apps
2026-08-17T03:17:31Z INF Requesting new quick Tunnel on trycloudflare.com...
2026-08-17T03:17:34Z INF +--------------------------------------------------------------------------------------------+
2026-08-17T03:17:34Z INF |  Your quick Tunnel has been created! Visit it at (it may take some time to be reachable):  |
2026-08-17T03:17:34Z INF |  https://ballot-ict-palestinian-fought.trycloudflare.com                                   |
2026-08-17T03:17:34Z INF +--------------------------------------------------------------------------------------------+
2026-08-17T03:17:34Z INF Cannot determine default configuration path. No file [config.yml config.yaml] in [~/.cloudflared ~/.cloudflare-warp ~/cloudflare-warp]
2026-08-17T03:17:34Z INF Version 2026.8.1 (Checksum 8f1d6f87b8756dbf37064b16e2c8251b69d816305e4f4373e1b80efb28d13b83)
2026-08-17T03:17:34Z INF GOOS: windows, GOVersion: go1.26.4, GoArch: amd64
2026-08-17T03:17:34Z INF Settings: map[ha-connections:1 logfile:.cloudflared-api.log protocol:quic url:http://localhost:8000]
2026-08-17T03:17:34Z INF cloudflared will not automatically update on Windows systems.
2026-08-17T03:17:34Z INF Generated Connector ID: 0b84facc-bceb-4d52-90a5-8520fef87a49
2026-08-17T03:17:34Z INF Initial protocol quic
2026-08-17T03:17:34Z INF ICMP proxy will use 192.168.45.34 as source for IPv4
2026-08-17T03:17:34Z INF ICMP proxy will use fe80::b07b:cac7:a47f:2cb9 in zone Wi-Fi as source for IPv6
2026-08-17T03:17:34Z INF cloudflared does not support loading the system root certificate pool on Windows. Please use --origin-ca-pool <PATH> to specify the path to the certificate pool
2026-08-17T03:17:34Z INF ICMP proxy will use 192.168.45.34 as source for IPv4
2026-08-17T03:17:34Z INF Tunnel connection curve preferences: [X25519MLKEM768 CurveID(65074) CurveP256] connIndex=0 event=0 ip=198.41.192.27
2026-08-17T03:17:34Z INF +-------------------------------------------------------------------------------------+
2026-08-17T03:17:34Z INF |                               CONNECTIVITY PRE-CHECKS                               |
2026-08-17T03:17:34Z INF +-------------------------------------------------------------------------------------+
2026-08-17T03:17:34Z INF |  COMPONENT         TARGET                     STATUS  DETAILS                       |
2026-08-17T03:17:34Z INF |  DNS Resolution    region1.v2.argotunnel.com  PASS    DNS Resolved successfully     |
2026-08-17T03:17:34Z INF |  DNS Resolution    region2.v2.argotunnel.com  PASS    DNS Resolved successfully     |
2026-08-17T03:17:34Z INF |  UDP Connectivity  region1.v2.argotunnel.com  PASS    QUIC connection successful    |
2026-08-17T03:17:34Z INF |  UDP Connectivity  region2.v2.argotunnel.com  PASS    QUIC connection successful    |
2026-08-17T03:17:34Z INF |  TCP Connectivity  region1.v2.argotunnel.com  PASS    HTTP/2 connection successful  |
2026-08-17T03:17:34Z INF |  TCP Connectivity  region2.v2.argotunnel.com  PASS    HTTP/2 connection successful  |
2026-08-17T03:17:34Z INF |  Cloudflare API    api.cloudflare.com:443     PASS    API is reachable              |
2026-08-17T03:17:34Z INF |                                                                                     |
2026-08-17T03:17:34Z INF |  SUMMARY: Environment is healthy. cloudflared will use 'quic' as primary protocol.  |
2026-08-17T03:17:34Z INF +-------------------------------------------------------------------------------------+
2026-08-17T03:17:34Z INF precheck component="DNS Resolution" details="DNS Resolved successfully" run_id=710fcb9a-fef3-4af5-8dfa-c5157a46de22 status=pass target=region1.v2.argotunnel.com
2026-08-17T03:17:34Z INF precheck component="DNS Resolution" details="DNS Resolved successfully" run_id=710fcb9a-fef3-4af5-8dfa-c5157a46de22 status=pass target=region2.v2.argotunnel.com
2026-08-17T03:17:34Z INF precheck component="UDP Connectivity" details="QUIC connection successful" run_id=710fcb9a-fef3-4af5-8dfa-c5157a46de22 status=pass target=region1.v2.argotunnel.com
2026-08-17T03:17:34Z INF precheck component="UDP Connectivity" details="QUIC connection successful" run_id=710fcb9a-fef3-4af5-8dfa-c5157a46de22 status=pass target=region2.v2.argotunnel.com
2026-08-17T03:17:34Z INF precheck component="TCP Connectivity" details="HTTP/2 connection successful" run_id=710fcb9a-fef3-4af5-8dfa-c5157a46de22 status=pass target=region1.v2.argotunnel.com
2026-08-17T03:17:34Z INF precheck component="TCP Connectivity" details="HTTP/2 connection successful" run_id=710fcb9a-fef3-4af5-8dfa-c5157a46de22 status=pass target=region2.v2.argotunnel.com
2026-08-17T03:17:34Z INF precheck component="Cloudflare API" details="API is reachable" run_id=710fcb9a-fef3-4af5-8dfa-c5157a46de22 status=pass target=api.cloudflare.com:443
2026-08-17T03:17:34Z INF precheck complete hard_fail=false run_id=710fcb9a-fef3-4af5-8dfa-c5157a46de22 suggested_protocol=quic
2026-08-17T03:17:35Z INF ICMP proxy will use fe80::b07b:cac7:a47f:2cb9 in zone Wi-Fi as source for IPv6
2026-08-17T03:17:35Z INF Starting metrics server on 127.0.0.1:20241/metrics
2026-08-17T03:17:35Z INF Registered tunnel connection connIndex=0 connection=efa92ec5-6a13-4b72-91aa-cb548c660eaf event=0 ip=198.41.192.27 location=icn06 protocol=quic
